DEBUG: Reading fixed information
DEBUG: Switching to bootloader...
DEBUG: Sending carriage return, seeing if bootloader responds
DEBUG: Waiting for serial response...
DEBUG: Looking for tag: I0001
DEBUG: Will timeout after 0 seconds
DEBUG: Will give up if response exceeds 500 characters
INFO: 
INFO: Correct response: False
DEBUG: Response took 0.10 seconds (timeout=1.000000)
DEBUG: Didn't respond, sending '*1#' over serial
DEBUG: Waiting for serial response...
DEBUG: Looking for tag: I0001
DEBUG: Will timeout after 0 seconds
DEBUG: Will give up if response exceeds 500 characters
INFO: 
INFO: Correct response: False
DEBUG: Response took 0.10 seconds (timeout=1.000000)
DEBUG: Didn't respond, sending '*1#' over serial
DEBUG: Waiting for serial response...
DEBUG: Looking for tag: I0001
DEBUG: Will timeout after 0 seconds
DEBUG: Will give up if response exceeds 500 characters
INFO: 
INFO: Correct response: False
DEBUG: Response took 0.10 seconds (timeout=1.000000)
DEBUG: Didn't respond, sending '*1#' over serial
DEBUG: Waiting for serial response...
DEBUG: Looking for tag: I0001
DEBUG: Will timeout after 0 seconds
DEBUG: Will give up if response exceeds 500 characters
INFO: 
INFO: Correct response: False
DEBUG: Response took 0.10 seconds (timeout=1.000000)
INFO: Could not read fixed information
DEBUG: Switching to bootloader...
DEBUG: Sending carriage return, seeing if bootloader responds
